// Jest Snapshot v1, https://goo.gl/fbAQLP

exports[`Components/VehicleResults/ViolationsInspector/ViolationCardList/ViolationDetail Default smoke-test 1`] = `""`;

exports[`Components/VehicleResults/ViolationsInspector/ViolationCardList/ViolationDetail NoFines smoke-test 1`] = `""`;

exports[`Components/VehicleResults/ViolationsInspector/ViolationCardList/ViolationDetail NoSummonsImage smoke-test 1`] = `""`;
