// Jest Snapshot v1, https://goo.gl/fbAQLP

exports[`Components/VehicleResults/FiltersControl/FilterMenu CleanFilters smoke-test 1`] = `""`;

exports[`Components/VehicleResults/FiltersControl/FilterMenu Hidden smoke-test 1`] = `""`;

exports[`Components/VehicleResults/FiltersControl/FilterMenu WithFullFulters smoke-test 1`] = `""`;
