// Jest Snapshot v1, https://goo.gl/fbAQLP

exports[`Components/Footer/Footer DefaultFooter smoke-test 1`] = `
<div class="container-fluid">
  <div class="row">
    <div class="col-md-12 page-content-container">
      <footer>
        <div class="footer-content">
          <p>
            made by&nbsp;
            <a href="https://github.com/bdhowald"
               target="_blank"
               rel="noopener noreferrer"
               class="self-link"
            >
              @bdhowald
            </a>
          </p>
        </div>
      </footer>
    </div>
  </div>
</div>
`;
